---
source: tests/boolean_function_compiles.rs
expression: generated_luau_text
---
--!strict

local function identity(flag: boolean): boolean
    return flag
end

local function main(): ()
    const enabled: boolean = identity(true)
    const disabled: boolean = false
    print(enabled)
    print(disabled)
end

main()
