---
source: tests/numeric_operations_execute_with_official_luau.rs
expression: generated_luau_text
---
--!strict

local function main(): ()
    const subtraction: number = 20 - 8
    const multiplication: number = 6 * 7
    const division: number = 84 / 2
    print(subtraction)
    print(multiplication)
    print(division)
end

main()
