---
source: tests/project_module_imports.rs
expression: generated_luau
---
--!strict

local __roblox_rust_import_shared_math = require(game:GetService("ReplicatedStorage"):WaitForChild("math"))
local double = __roblox_rust_import_shared_math.double

local function answer(): number
    return double(21)
end

return {
    answer = answer,
}
