---
source: tests/project_module_imports.rs
expression: generated_luau
---
--!strict

local __roblox_rust_import_server_logic = require(game:GetService("ServerScriptService"):WaitForChild("logic"))
local answer = __roblox_rust_import_server_logic.answer

local function main(): ()
    print(answer())
end

main()
